{
  "basic query" : {
    "total" : 27278,
    "max_score" : null,
    "hits" : [
      {
        "_index" : "movies",
        "_type" : "data",
        "_id" : "72998",
        "_score" : null,
        "_source" : {
          "overview" : "In the 22nd century, a paraplegic Marine is dispatched to the moon Pandora on a unique mission, but becomes torn between following orders and protecting an alien civilization.",
          "votecount" : 8218,
          "posterpath" : "/tcqb9NHdw9SWs2a88KCDD4V8sVR.jpg",
          "runtime" : 162,
          "movieid" : 72998,
          "language" : "en",
          "releasedate" : "2009-12-10T00:00:00.000Z",
          "voteaverage" : 7.099999904632568,
          "title" : "Avatar (2009)",
          "revenue" : 2100000000,
          "backdroppath" : "/5XPPB44RQGfkBrbJxmtdndKz05n.jpg",
          "genres" : "Action|Adventure|Sci-Fi|IMAX",
          "popularity" : 8.273819923400879,
          "@version" : "1",
          "tagline" : "Enter the World of Pandora.",
          "status" : "Released",
          "budget" : 237000000,
          "homepage" : "http://www.avatarmovie.com/"
        },
        "sort" : [
          2100000000,
          72998
        ]
      }
    ]
  },
  "put script" : {
    "total" : 27278,
    "max_score" : null,
    "hits" : [
      {
        "_index" : "movies",
        "_type" : "data",
        "_id" : "72998",
        "_score" : null,
        "_source" : {
          "overview" : "In the 22nd century, a paraplegic Marine is dispatched to the moon Pandora on a unique mission, but becomes torn between following orders and protecting an alien civilization.",
          "votecount" : 8218,
          "posterpath" : "/tcqb9NHdw9SWs2a88KCDD4V8sVR.jpg",
          "runtime" : 162,
          "movieid" : 72998,
          "language" : "en",
          "releasedate" : "2009-12-10T00:00:00.000Z",
          "voteaverage" : 7.099999904632568,
          "title" : "Avatar (2009)",
          "revenue" : 2100000000,
          "backdroppath" : "/5XPPB44RQGfkBrbJxmtdndKz05n.jpg",
          "genres" : "Action|Adventure|Sci-Fi|IMAX",
          "popularity" : 8.273819923400879,
          "@version" : "1",
          "tagline" : "Enter the World of Pandora.",
          "status" : "Released",
          "budget" : 237000000,
          "homepage" : "http://www.avatarmovie.com/"
        },
        "sort" : [
          1863000000
        ]
      }
    ]
  }
}
