{
  "empty query" : {
    "query": "{}",
    "expect": {},
    "parameter": "{}"
  },
  "number input" : {
      "query": "{\"from\": @number}",
      "expect": {
            "from" : "@number"
      },
      "parameter": {"number":0}
    },
    "runtime input" : {
          "query": "{\"from\": @parent}",
          "expect": {
                "from" : "@parent"
          },
          "parameter": {}
        }

}
